2023-05-15 19:14:04,907 - INFO - info message
2023-05-15 19:14:06,334 - WARNING - warning message
2023-05-15 19:14:08,013 - ERROR - error message
